// Jest Snapshot v1, https://goo.gl/fbAQLP

exports[`Particles should render correctly 1`] = `
<body>
  <div>
    <div
      id="particles-js"
      style="display: block;"
    />
  </div>
</body>
`;
